Analysis & Synthesis report for function
Sat Jul 20 13:45:16 2019
Quartus Prime Version 18.1.0 Build 625 09/12/2018 SJ Lite Edition


---------------------
; Table of Contents ;
---------------------
  1. Legal Notice
  2. Analysis & Synthesis Summary
  3. Analysis & Synthesis Settings
  4. Parallel Compilation
  5. Analysis & Synthesis Source Files Read
  6. Analysis & Synthesis Resource Usage Summary
  7. Analysis & Synthesis Resource Utilization by Entity
  8. Registers Removed During Synthesis
  9. General Register Statistics
 10. Multiplexer Restructuring Statistics (Restructuring Performed)
 11. Parameter Settings for Inferred Entity Instance: sha_1:inst_sha_1_0|sha_1_core:inst_sha_1_core_0|lpm_divide:Mod0
 12. Post-Synthesis Netlist Statistics for Top Partition
 13. Elapsed Time Per Partition
 14. Analysis & Synthesis Messages
 15. Analysis & Synthesis Suppressed Messages



----------------
; Legal Notice ;
----------------
Copyright (C) 2018  Intel Corporation. All rights reserved.
Your use of Intel Corporation's design tools, logic functions 
and other software and tools, and its AMPP partner logic 
functions, and any output files from any of the foregoing 
(including device programming or simulation files), and any 
associated documentation or information are expressly subject 
to the terms and conditions of the Intel Program License 
Subscription Agreement, the Intel Quartus Prime License Agreement,
the Intel FPGA IP License Agreement, or other applicable license
agreement, including, without limitation, that your use is for
the sole purpose of programming logic devices manufactured by
Intel and sold by Intel or its authorized distributors.  Please
refer to the applicable agreement for further details.



+-------------------------------------------------------------------------------+
; Analysis & Synthesis Summary                                                  ;
+---------------------------------+---------------------------------------------+
; Analysis & Synthesis Status     ; Successful - Sat Jul 20 13:45:16 2019       ;
; Quartus Prime Version           ; 18.1.0 Build 625 09/12/2018 SJ Lite Edition ;
; Revision Name                   ; function                                    ;
; Top-level Entity Name           ; top_level_wrapper                           ;
; Family                          ; Cyclone V                                   ;
; Logic utilization (in ALMs)     ; N/A                                         ;
; Total registers                 ; 4845                                        ;
; Total pins                      ; 73                                          ;
; Total virtual pins              ; 0                                           ;
; Total block memory bits         ; 0                                           ;
; Total DSP Blocks                ; 0                                           ;
; Total HSSI RX PCSs              ; 0                                           ;
; Total HSSI PMA RX Deserializers ; 0                                           ;
; Total HSSI TX PCSs              ; 0                                           ;
; Total HSSI PMA TX Serializers   ; 0                                           ;
; Total PLLs                      ; 0                                           ;
; Total DLLs                      ; 0                                           ;
+---------------------------------+---------------------------------------------+


+---------------------------------------------------------------------------------------------------------------------------+
; Analysis & Synthesis Settings                                                                                             ;
+---------------------------------------------------------------------------------+--------------------+--------------------+
; Option                                                                          ; Setting            ; Default Value      ;
+---------------------------------------------------------------------------------+--------------------+--------------------+
; Device                                                                          ; 5CSXFC6D6F31C6     ;                    ;
; Top-level entity name                                                           ; top_level_wrapper  ; function           ;
; Family name                                                                     ; Cyclone V          ; Cyclone V          ;
; Use smart compilation                                                           ; Off                ; Off                ;
; Enable parallel Assembler and Timing Analyzer during compilation                ; On                 ; On                 ;
; Enable compact report table                                                     ; Off                ; Off                ;
; Restructure Multiplexers                                                        ; Auto               ; Auto               ;
; MLAB Add Timing Constraints For Mixed-Port Feed-Through Mode Setting Don't Care ; Off                ; Off                ;
; Create Debugging Nodes for IP Cores                                             ; Off                ; Off                ;
; Preserve fewer node names                                                       ; On                 ; On                 ;
; Intel FPGA IP Evaluation Mode                                                   ; Enable             ; Enable             ;
; Verilog Version                                                                 ; Verilog_2001       ; Verilog_2001       ;
; VHDL Version                                                                    ; VHDL_1993          ; VHDL_1993          ;
; State Machine Processing                                                        ; Auto               ; Auto               ;
; Safe State Machine                                                              ; Off                ; Off                ;
; Extract Verilog State Machines                                                  ; On                 ; On                 ;
; Extract VHDL State Machines                                                     ; On                 ; On                 ;
; Ignore Verilog initial constructs                                               ; Off                ; Off                ;
; Iteration limit for constant Verilog loops                                      ; 5000               ; 5000               ;
; Iteration limit for non-constant Verilog loops                                  ; 250                ; 250                ;
; Add Pass-Through Logic to Inferred RAMs                                         ; On                 ; On                 ;
; Infer RAMs from Raw Logic                                                       ; On                 ; On                 ;
; Parallel Synthesis                                                              ; On                 ; On                 ;
; DSP Block Balancing                                                             ; Auto               ; Auto               ;
; NOT Gate Push-Back                                                              ; On                 ; On                 ;
; Power-Up Don't Care                                                             ; On                 ; On                 ;
; Remove Redundant Logic Cells                                                    ; Off                ; Off                ;
; Remove Duplicate Registers                                                      ; On                 ; On                 ;
; Ignore CARRY Buffers                                                            ; Off                ; Off                ;
; Ignore CASCADE Buffers                                                          ; Off                ; Off                ;
; Ignore GLOBAL Buffers                                                           ; Off                ; Off                ;
; Ignore ROW GLOBAL Buffers                                                       ; Off                ; Off                ;
; Ignore LCELL Buffers                                                            ; Off                ; Off                ;
; Ignore SOFT Buffers                                                             ; On                 ; On                 ;
; Limit AHDL Integers to 32 Bits                                                  ; Off                ; Off                ;
; Optimization Technique                                                          ; Balanced           ; Balanced           ;
; Carry Chain Length                                                              ; 70                 ; 70                 ;
; Auto Carry Chains                                                               ; On                 ; On                 ;
; Auto Open-Drain Pins                                                            ; On                 ; On                 ;
; Perform WYSIWYG Primitive Resynthesis                                           ; Off                ; Off                ;
; Auto ROM Replacement                                                            ; On                 ; On                 ;
; Auto RAM Replacement                                                            ; On                 ; On                 ;
; Auto DSP Block Replacement                                                      ; On                 ; On                 ;
; Auto Shift Register Replacement                                                 ; Auto               ; Auto               ;
; Allow Shift Register Merging across Hierarchies                                 ; Auto               ; Auto               ;
; Auto Clock Enable Replacement                                                   ; On                 ; On                 ;
; Strict RAM Replacement                                                          ; Off                ; Off                ;
; Allow Synchronous Control Signals                                               ; On                 ; On                 ;
; Force Use of Synchronous Clear Signals                                          ; Off                ; Off                ;
; Auto Resource Sharing                                                           ; Off                ; Off                ;
; Allow Any RAM Size For Recognition                                              ; Off                ; Off                ;
; Allow Any ROM Size For Recognition                                              ; Off                ; Off                ;
; Allow Any Shift Register Size For Recognition                                   ; Off                ; Off                ;
; Use LogicLock Constraints during Resource Balancing                             ; On                 ; On                 ;
; Ignore translate_off and synthesis_off directives                               ; Off                ; Off                ;
; Timing-Driven Synthesis                                                         ; On                 ; On                 ;
; Report Parameter Settings                                                       ; On                 ; On                 ;
; Report Source Assignments                                                       ; On                 ; On                 ;
; Report Connectivity Checks                                                      ; On                 ; On                 ;
; Ignore Maximum Fan-Out Assignments                                              ; Off                ; Off                ;
; Synchronization Register Chain Length                                           ; 3                  ; 3                  ;
; Power Optimization During Synthesis                                             ; Normal compilation ; Normal compilation ;
; HDL message level                                                               ; Level2             ; Level2             ;
; Suppress Register Optimization Related Messages                                 ; Off                ; Off                ;
; Number of Removed Registers Reported in Synthesis Report                        ; 5000               ; 5000               ;
; Number of Swept Nodes Reported in Synthesis Report                              ; 5000               ; 5000               ;
; Number of Inverted Registers Reported in Synthesis Report                       ; 100                ; 100                ;
; Clock MUX Protection                                                            ; On                 ; On                 ;
; Auto Gated Clock Conversion                                                     ; Off                ; Off                ;
; Block Design Naming                                                             ; Auto               ; Auto               ;
; SDC constraint protection                                                       ; Off                ; Off                ;
; Synthesis Effort                                                                ; Auto               ; Auto               ;
; Shift Register Replacement - Allow Asynchronous Clear Signal                    ; On                 ; On                 ;
; Pre-Mapping Resynthesis Optimization                                            ; Off                ; Off                ;
; Analysis & Synthesis Message Level                                              ; Medium             ; Medium             ;
; Disable Register Merging Across Hierarchies                                     ; Auto               ; Auto               ;
; Resource Aware Inference For Block RAM                                          ; On                 ; On                 ;
; Automatic Parallel Synthesis                                                    ; On                 ; On                 ;
; Partial Reconfiguration Bitstream ID                                            ; Off                ; Off                ;
+---------------------------------------------------------------------------------+--------------------+--------------------+


+------------------------------------------+
; Parallel Compilation                     ;
+----------------------------+-------------+
; Processors                 ; Number      ;
+----------------------------+-------------+
; Number detected on machine ; 8           ;
; Maximum allowed            ; 4           ;
;                            ;             ;
; Average used               ; 1.00        ;
; Maximum used               ; 4           ;
;                            ;             ;
; Usage by Processor         ; % Time Used ;
;     Processor 1            ; 100.0%      ;
;     Processor 2            ;   0.0%      ;
;     Processor 3            ;   0.0%      ;
;     Processor 4            ;   0.0%      ;
+----------------------------+-------------+


+--------------------------------------------------------------------------------------------------------------------------------------------------------------------------+
; Analysis & Synthesis Source Files Read                                                                                                                                   ;
+----------------------------------+-----------------+------------------------------+----------------------------------------------------------------------------+---------+
; File Name with User-Entered Path ; Used in Netlist ; File Type                    ; File Name with Absolute Path                                               ; Library ;
+----------------------------------+-----------------+------------------------------+----------------------------------------------------------------------------+---------+
; top_level_wrapper.sv             ; yes             ; User SystemVerilog HDL File  ; D:/Repositories/SHA-1/SystemVerilog/top_level_wrapper.sv                   ;         ;
; sha_1.sv                         ; yes             ; User SystemVerilog HDL File  ; D:/Repositories/SHA-1/SystemVerilog/sha_1.sv                               ;         ;
; sha_1_core.sv                    ; yes             ; User SystemVerilog HDL File  ; D:/Repositories/SHA-1/SystemVerilog/sha_1_core.sv                          ;         ;
; lpm_divide.tdf                   ; yes             ; Megafunction                 ; c:/intelfpga_lite/18.1/quartus/libraries/megafunctions/lpm_divide.tdf      ;         ;
; abs_divider.inc                  ; yes             ; Megafunction                 ; c:/intelfpga_lite/18.1/quartus/libraries/megafunctions/abs_divider.inc     ;         ;
; sign_div_unsign.inc              ; yes             ; Megafunction                 ; c:/intelfpga_lite/18.1/quartus/libraries/megafunctions/sign_div_unsign.inc ;         ;
; aglobal181.inc                   ; yes             ; Megafunction                 ; c:/intelfpga_lite/18.1/quartus/libraries/megafunctions/aglobal181.inc      ;         ;
; db/lpm_divide_fho.tdf            ; yes             ; Auto-Generated Megafunction  ; D:/Repositories/SHA-1/SystemVerilog/db/lpm_divide_fho.tdf                  ;         ;
; db/abs_divider_lbg.tdf           ; yes             ; Auto-Generated Megafunction  ; D:/Repositories/SHA-1/SystemVerilog/db/abs_divider_lbg.tdf                 ;         ;
; db/alt_u_div_qve.tdf             ; yes             ; Auto-Generated Megafunction  ; D:/Repositories/SHA-1/SystemVerilog/db/alt_u_div_qve.tdf                   ;         ;
; db/lpm_abs_ln9.tdf               ; yes             ; Auto-Generated Megafunction  ; D:/Repositories/SHA-1/SystemVerilog/db/lpm_abs_ln9.tdf                     ;         ;
; db/lpm_abs_4p9.tdf               ; yes             ; Auto-Generated Megafunction  ; D:/Repositories/SHA-1/SystemVerilog/db/lpm_abs_4p9.tdf                     ;         ;
+----------------------------------+-----------------+------------------------------+----------------------------------------------------------------------------+---------+


+---------------------------------------------------------+
; Analysis & Synthesis Resource Usage Summary             ;
+---------------------------------------------+-----------+
; Resource                                    ; Usage     ;
+---------------------------------------------+-----------+
; Estimate of Logic utilization (ALMs needed) ; 5696      ;
;                                             ;           ;
; Combinational ALUT usage for logic          ; 9250      ;
;     -- 7 input functions                    ; 30        ;
;     -- 6 input functions                    ; 1957      ;
;     -- 5 input functions                    ; 2439      ;
;     -- 4 input functions                    ; 2132      ;
;     -- <=3 input functions                  ; 2692      ;
;                                             ;           ;
; Dedicated logic registers                   ; 4845      ;
;                                             ;           ;
; I/O pins                                    ; 73        ;
;                                             ;           ;
; Total DSP Blocks                            ; 0         ;
;                                             ;           ;
; Maximum fan-out node                        ; clk~input ;
; Maximum fan-out                             ; 4845      ;
; Total fan-out                               ; 54103     ;
; Average fan-out                             ; 3.80      ;
+---------------------------------------------+-----------+


+-----------------------------------------------------------------------------------------------------------------------------------------------------------------------------------------------------------------------------------------------------------------------------------------------------------------------------------------------------------+
; Analysis & Synthesis Resource Utilization by Entity                                                                                                                                                                                                                                                                                                       ;
+---------------------------------------------+---------------------+---------------------------+-------------------+------------+------+--------------+-----------------------------------------------------------------------------------------------------------------------------------------------------------------+-------------------+--------------+
; Compilation Hierarchy Node                  ; Combinational ALUTs ; Dedicated Logic Registers ; Block Memory Bits ; DSP Blocks ; Pins ; Virtual Pins ; Full Hierarchy Name                                                                                                                                             ; Entity Name       ; Library Name ;
+---------------------------------------------+---------------------+---------------------------+-------------------+------------+------+--------------+-----------------------------------------------------------------------------------------------------------------------------------------------------------------+-------------------+--------------+
; |top_level_wrapper                          ; 9250 (843)          ; 4845 (1249)               ; 0                 ; 0          ; 73   ; 0            ; |top_level_wrapper                                                                                                                                              ; top_level_wrapper ; work         ;
;    |sha_1:inst_sha_1_0|                     ; 8407 (522)          ; 3596 (680)                ; 0                 ; 0          ; 0    ; 0            ; |top_level_wrapper|sha_1:inst_sha_1_0                                                                                                                           ; sha_1             ; work         ;
;       |sha_1_core:inst_sha_1_core_0|        ; 7885 (7379)         ; 2916 (2916)               ; 0                 ; 0          ; 0    ; 0            ; |top_level_wrapper|sha_1:inst_sha_1_0|sha_1_core:inst_sha_1_core_0                                                                                              ; sha_1_core        ; work         ;
;          |lpm_divide:Mod0|                  ; 506 (0)             ; 0 (0)                     ; 0                 ; 0          ; 0    ; 0            ; |top_level_wrapper|sha_1:inst_sha_1_0|sha_1_core:inst_sha_1_core_0|lpm_divide:Mod0                                                                              ; lpm_divide        ; work         ;
;             |lpm_divide_fho:auto_generated| ; 506 (0)             ; 0 (0)                     ; 0                 ; 0          ; 0    ; 0            ; |top_level_wrapper|sha_1:inst_sha_1_0|sha_1_core:inst_sha_1_core_0|lpm_divide:Mod0|lpm_divide_fho:auto_generated                                                ; lpm_divide_fho    ; work         ;
;                |abs_divider_lbg:divider|    ; 506 (6)             ; 0 (0)                     ; 0                 ; 0          ; 0    ; 0            ; |top_level_wrapper|sha_1:inst_sha_1_0|sha_1_core:inst_sha_1_core_0|lpm_divide:Mod0|lpm_divide_fho:auto_generated|abs_divider_lbg:divider                        ; abs_divider_lbg   ; work         ;
;                   |alt_u_div_qve:divider|   ; 468 (468)           ; 0 (0)                     ; 0                 ; 0          ; 0    ; 0            ; |top_level_wrapper|sha_1:inst_sha_1_0|sha_1_core:inst_sha_1_core_0|lpm_divide:Mod0|lpm_divide_fho:auto_generated|abs_divider_lbg:divider|alt_u_div_qve:divider  ; alt_u_div_qve     ; work         ;
;                   |lpm_abs_4p9:my_abs_num|  ; 32 (32)             ; 0 (0)                     ; 0                 ; 0          ; 0    ; 0            ; |top_level_wrapper|sha_1:inst_sha_1_0|sha_1_core:inst_sha_1_core_0|lpm_divide:Mod0|lpm_divide_fho:auto_generated|abs_divider_lbg:divider|lpm_abs_4p9:my_abs_num ; lpm_abs_4p9       ; work         ;
+---------------------------------------------+---------------------+---------------------------+-------------------+------------+------+--------------+-----------------------------------------------------------------------------------------------------------------------------------------------------------------+-------------------+--------------+
Note: For table entries with two numbers listed, the numbers in parentheses indicate the number of resources of the given type used by the specific entity alone. The numbers listed outside of parentheses indicate the total resources of the given type used by the specific entity and all of its sub-entities in the hierarchy.


+----------------------------------------------------------------------------------------------------------------------------------------------------------+
; Registers Removed During Synthesis                                                                                                                       ;
+---------------------------------------------------------------------------+------------------------------------------------------------------------------+
; Register name                                                             ; Reason for Removal                                                           ;
+---------------------------------------------------------------------------+------------------------------------------------------------------------------+
; sha_1:inst_sha_1_0|sha_1_core:inst_sha_1_core_0|H[4][0]                   ; Stuck at GND due to stuck port data_in                                       ;
; sha_1:inst_sha_1_0|sha_1_core:inst_sha_1_core_0|H[4][1]                   ; Stuck at GND due to stuck port data_in                                       ;
; sha_1:inst_sha_1_0|sha_1_core:inst_sha_1_core_0|H[4][2]                   ; Stuck at GND due to stuck port data_in                                       ;
; sha_1:inst_sha_1_0|sha_1_core:inst_sha_1_core_0|H[4][3]                   ; Stuck at GND due to stuck port data_in                                       ;
; sha_1:inst_sha_1_0|sha_1_core:inst_sha_1_core_0|H[4][4]                   ; Stuck at VCC due to stuck port data_in                                       ;
; sha_1:inst_sha_1_0|sha_1_core:inst_sha_1_core_0|H[4][5]                   ; Stuck at VCC due to stuck port data_in                                       ;
; sha_1:inst_sha_1_0|sha_1_core:inst_sha_1_core_0|H[4][6]                   ; Stuck at VCC due to stuck port data_in                                       ;
; sha_1:inst_sha_1_0|sha_1_core:inst_sha_1_core_0|H[4][7]                   ; Stuck at VCC due to stuck port data_in                                       ;
; sha_1:inst_sha_1_0|sha_1_core:inst_sha_1_core_0|H[4][8]                   ; Stuck at VCC due to stuck port data_in                                       ;
; sha_1:inst_sha_1_0|sha_1_core:inst_sha_1_core_0|H[4][9]                   ; Stuck at GND due to stuck port data_in                                       ;
; sha_1:inst_sha_1_0|sha_1_core:inst_sha_1_core_0|H[4][10]                  ; Stuck at GND due to stuck port data_in                                       ;
; sha_1:inst_sha_1_0|sha_1_core:inst_sha_1_core_0|H[4][11]                  ; Stuck at GND due to stuck port data_in                                       ;
; sha_1:inst_sha_1_0|sha_1_core:inst_sha_1_core_0|H[4][12]                  ; Stuck at GND due to stuck port data_in                                       ;
; sha_1:inst_sha_1_0|sha_1_core:inst_sha_1_core_0|H[4][13]                  ; Stuck at VCC due to stuck port data_in                                       ;
; sha_1:inst_sha_1_0|sha_1_core:inst_sha_1_core_0|H[4][14]                  ; Stuck at VCC due to stuck port data_in                                       ;
; sha_1:inst_sha_1_0|sha_1_core:inst_sha_1_core_0|H[4][15]                  ; Stuck at VCC due to stuck port data_in                                       ;
; sha_1:inst_sha_1_0|sha_1_core:inst_sha_1_core_0|H[4][16]                  ; Stuck at GND due to stuck port data_in                                       ;
; sha_1:inst_sha_1_0|sha_1_core:inst_sha_1_core_0|H[4][17]                  ; Stuck at VCC due to stuck port data_in                                       ;
; sha_1:inst_sha_1_0|sha_1_core:inst_sha_1_core_0|H[4][18]                  ; Stuck at GND due to stuck port data_in                                       ;
; sha_1:inst_sha_1_0|sha_1_core:inst_sha_1_core_0|H[4][19]                  ; Stuck at GND due to stuck port data_in                                       ;
; sha_1:inst_sha_1_0|sha_1_core:inst_sha_1_core_0|H[4][20]                  ; Stuck at VCC due to stuck port data_in                                       ;
; sha_1:inst_sha_1_0|sha_1_core:inst_sha_1_core_0|H[4][21]                  ; Stuck at GND due to stuck port data_in                                       ;
; sha_1:inst_sha_1_0|sha_1_core:inst_sha_1_core_0|H[4][22]                  ; Stuck at VCC due to stuck port data_in                                       ;
; sha_1:inst_sha_1_0|sha_1_core:inst_sha_1_core_0|H[4][23]                  ; Stuck at VCC due to stuck port data_in                                       ;
; sha_1:inst_sha_1_0|sha_1_core:inst_sha_1_core_0|H[4][24]                  ; Stuck at VCC due to stuck port data_in                                       ;
; sha_1:inst_sha_1_0|sha_1_core:inst_sha_1_core_0|H[4][25]                  ; Stuck at VCC due to stuck port data_in                                       ;
; sha_1:inst_sha_1_0|sha_1_core:inst_sha_1_core_0|H[4][26]                  ; Stuck at GND due to stuck port data_in                                       ;
; sha_1:inst_sha_1_0|sha_1_core:inst_sha_1_core_0|H[4][27]                  ; Stuck at GND due to stuck port data_in                                       ;
; sha_1:inst_sha_1_0|sha_1_core:inst_sha_1_core_0|H[4][28]                  ; Stuck at GND due to stuck port data_in                                       ;
; sha_1:inst_sha_1_0|sha_1_core:inst_sha_1_core_0|H[4][29]                  ; Stuck at GND due to stuck port data_in                                       ;
; sha_1:inst_sha_1_0|sha_1_core:inst_sha_1_core_0|H[4][30]                  ; Stuck at VCC due to stuck port data_in                                       ;
; sha_1:inst_sha_1_0|sha_1_core:inst_sha_1_core_0|H[4][31]                  ; Stuck at VCC due to stuck port data_in                                       ;
; sha_1:inst_sha_1_0|sha_1_core:inst_sha_1_core_0|H[3][0]                   ; Stuck at GND due to stuck port data_in                                       ;
; sha_1:inst_sha_1_0|sha_1_core:inst_sha_1_core_0|H[3][1]                   ; Stuck at VCC due to stuck port data_in                                       ;
; sha_1:inst_sha_1_0|sha_1_core:inst_sha_1_core_0|H[3][2]                   ; Stuck at VCC due to stuck port data_in                                       ;
; sha_1:inst_sha_1_0|sha_1_core:inst_sha_1_core_0|H[3][3]                   ; Stuck at GND due to stuck port data_in                                       ;
; sha_1:inst_sha_1_0|sha_1_core:inst_sha_1_core_0|H[3][4]                   ; Stuck at VCC due to stuck port data_in                                       ;
; sha_1:inst_sha_1_0|sha_1_core:inst_sha_1_core_0|H[3][5]                   ; Stuck at VCC due to stuck port data_in                                       ;
; sha_1:inst_sha_1_0|sha_1_core:inst_sha_1_core_0|H[3][6]                   ; Stuck at VCC due to stuck port data_in                                       ;
; sha_1:inst_sha_1_0|sha_1_core:inst_sha_1_core_0|H[3][7]                   ; Stuck at GND due to stuck port data_in                                       ;
; sha_1:inst_sha_1_0|sha_1_core:inst_sha_1_core_0|H[3][8]                   ; Stuck at GND due to stuck port data_in                                       ;
; sha_1:inst_sha_1_0|sha_1_core:inst_sha_1_core_0|H[3][9]                   ; Stuck at GND due to stuck port data_in                                       ;
; sha_1:inst_sha_1_0|sha_1_core:inst_sha_1_core_0|H[3][10]                  ; Stuck at VCC due to stuck port data_in                                       ;
; sha_1:inst_sha_1_0|sha_1_core:inst_sha_1_core_0|H[3][11]                  ; Stuck at GND due to stuck port data_in                                       ;
; sha_1:inst_sha_1_0|sha_1_core:inst_sha_1_core_0|H[3][12]                  ; Stuck at VCC due to stuck port data_in                                       ;
; sha_1:inst_sha_1_0|sha_1_core:inst_sha_1_core_0|H[3][13]                  ; Stuck at GND due to stuck port data_in                                       ;
; sha_1:inst_sha_1_0|sha_1_core:inst_sha_1_core_0|H[3][14]                  ; Stuck at VCC due to stuck port data_in                                       ;
; sha_1:inst_sha_1_0|sha_1_core:inst_sha_1_core_0|H[3][15]                  ; Stuck at GND due to stuck port data_in                                       ;
; sha_1:inst_sha_1_0|sha_1_core:inst_sha_1_core_0|H[3][16]                  ; Stuck at GND due to stuck port data_in                                       ;
; sha_1:inst_sha_1_0|sha_1_core:inst_sha_1_core_0|H[3][17]                  ; Stuck at VCC due to stuck port data_in                                       ;
; sha_1:inst_sha_1_0|sha_1_core:inst_sha_1_core_0|H[3][18]                  ; Stuck at GND due to stuck port data_in                                       ;
; sha_1:inst_sha_1_0|sha_1_core:inst_sha_1_core_0|H[3][19]                  ; Stuck at GND due to stuck port data_in                                       ;
; sha_1:inst_sha_1_0|sha_1_core:inst_sha_1_core_0|H[3][20]                  ; Stuck at VCC due to stuck port data_in                                       ;
; sha_1:inst_sha_1_0|sha_1_core:inst_sha_1_core_0|H[3][21]                  ; Stuck at VCC due to stuck port data_in                                       ;
; sha_1:inst_sha_1_0|sha_1_core:inst_sha_1_core_0|H[3][22]                  ; Stuck at GND due to stuck port data_in                                       ;
; sha_1:inst_sha_1_0|sha_1_core:inst_sha_1_core_0|H[3][23]                  ; Stuck at GND due to stuck port data_in                                       ;
; sha_1:inst_sha_1_0|sha_1_core:inst_sha_1_core_0|H[3][24]                  ; Stuck at GND due to stuck port data_in                                       ;
; sha_1:inst_sha_1_0|sha_1_core:inst_sha_1_core_0|H[3][25]                  ; Stuck at GND due to stuck port data_in                                       ;
; sha_1:inst_sha_1_0|sha_1_core:inst_sha_1_core_0|H[3][26]                  ; Stuck at GND due to stuck port data_in                                       ;
; sha_1:inst_sha_1_0|sha_1_core:inst_sha_1_core_0|H[3][27]                  ; Stuck at GND due to stuck port data_in                                       ;
; sha_1:inst_sha_1_0|sha_1_core:inst_sha_1_core_0|H[3][28]                  ; Stuck at VCC due to stuck port data_in                                       ;
; sha_1:inst_sha_1_0|sha_1_core:inst_sha_1_core_0|H[3][29]                  ; Stuck at GND due to stuck port data_in                                       ;
; sha_1:inst_sha_1_0|sha_1_core:inst_sha_1_core_0|H[3][30]                  ; Stuck at GND due to stuck port data_in                                       ;
; sha_1:inst_sha_1_0|sha_1_core:inst_sha_1_core_0|H[3][31]                  ; Stuck at GND due to stuck port data_in                                       ;
; sha_1:inst_sha_1_0|sha_1_core:inst_sha_1_core_0|H[2][0]                   ; Stuck at GND due to stuck port data_in                                       ;
; sha_1:inst_sha_1_0|sha_1_core:inst_sha_1_core_0|H[2][1]                   ; Stuck at VCC due to stuck port data_in                                       ;
; sha_1:inst_sha_1_0|sha_1_core:inst_sha_1_core_0|H[2][2]                   ; Stuck at VCC due to stuck port data_in                                       ;
; sha_1:inst_sha_1_0|sha_1_core:inst_sha_1_core_0|H[2][3]                   ; Stuck at VCC due to stuck port data_in                                       ;
; sha_1:inst_sha_1_0|sha_1_core:inst_sha_1_core_0|H[2][4]                   ; Stuck at VCC due to stuck port data_in                                       ;
; sha_1:inst_sha_1_0|sha_1_core:inst_sha_1_core_0|H[2][5]                   ; Stuck at VCC due to stuck port data_in                                       ;
; sha_1:inst_sha_1_0|sha_1_core:inst_sha_1_core_0|H[2][6]                   ; Stuck at VCC due to stuck port data_in                                       ;
; sha_1:inst_sha_1_0|sha_1_core:inst_sha_1_core_0|H[2][7]                   ; Stuck at VCC due to stuck port data_in                                       ;
; sha_1:inst_sha_1_0|sha_1_core:inst_sha_1_core_0|H[2][8]                   ; Stuck at GND due to stuck port data_in                                       ;
; sha_1:inst_sha_1_0|sha_1_core:inst_sha_1_core_0|H[2][9]                   ; Stuck at GND due to stuck port data_in                                       ;
; sha_1:inst_sha_1_0|sha_1_core:inst_sha_1_core_0|H[2][10]                  ; Stuck at VCC due to stuck port data_in                                       ;
; sha_1:inst_sha_1_0|sha_1_core:inst_sha_1_core_0|H[2][11]                  ; Stuck at VCC due to stuck port data_in                                       ;
; sha_1:inst_sha_1_0|sha_1_core:inst_sha_1_core_0|H[2][12]                  ; Stuck at VCC due to stuck port data_in                                       ;
; sha_1:inst_sha_1_0|sha_1_core:inst_sha_1_core_0|H[2][13]                  ; Stuck at GND due to stuck port data_in                                       ;
; sha_1:inst_sha_1_0|sha_1_core:inst_sha_1_core_0|H[2][14]                  ; Stuck at VCC due to stuck port data_in                                       ;
; sha_1:inst_sha_1_0|sha_1_core:inst_sha_1_core_0|H[2][15]                  ; Stuck at VCC due to stuck port data_in                                       ;
; sha_1:inst_sha_1_0|sha_1_core:inst_sha_1_core_0|H[2][16]                  ; Stuck at GND due to stuck port data_in                                       ;
; sha_1:inst_sha_1_0|sha_1_core:inst_sha_1_core_0|H[2][17]                  ; Stuck at VCC due to stuck port data_in                                       ;
; sha_1:inst_sha_1_0|sha_1_core:inst_sha_1_core_0|H[2][18]                  ; Stuck at GND due to stuck port data_in                                       ;
; sha_1:inst_sha_1_0|sha_1_core:inst_sha_1_core_0|H[2][19]                  ; Stuck at VCC due to stuck port data_in                                       ;
; sha_1:inst_sha_1_0|sha_1_core:inst_sha_1_core_0|H[2][20]                  ; Stuck at VCC due to stuck port data_in                                       ;
; sha_1:inst_sha_1_0|sha_1_core:inst_sha_1_core_0|H[2][21]                  ; Stuck at VCC due to stuck port data_in                                       ;
; sha_1:inst_sha_1_0|sha_1_core:inst_sha_1_core_0|H[2][22]                  ; Stuck at GND due to stuck port data_in                                       ;
; sha_1:inst_sha_1_0|sha_1_core:inst_sha_1_core_0|H[2][23]                  ; Stuck at VCC due to stuck port data_in                                       ;
; sha_1:inst_sha_1_0|sha_1_core:inst_sha_1_core_0|H[2][24]                  ; Stuck at GND due to stuck port data_in                                       ;
; sha_1:inst_sha_1_0|sha_1_core:inst_sha_1_core_0|H[2][25]                  ; Stuck at GND due to stuck port data_in                                       ;
; sha_1:inst_sha_1_0|sha_1_core:inst_sha_1_core_0|H[2][26]                  ; Stuck at GND due to stuck port data_in                                       ;
; sha_1:inst_sha_1_0|sha_1_core:inst_sha_1_core_0|H[2][27]                  ; Stuck at VCC due to stuck port data_in                                       ;
; sha_1:inst_sha_1_0|sha_1_core:inst_sha_1_core_0|H[2][28]                  ; Stuck at VCC due to stuck port data_in                                       ;
; sha_1:inst_sha_1_0|sha_1_core:inst_sha_1_core_0|H[2][29]                  ; Stuck at GND due to stuck port data_in                                       ;
; sha_1:inst_sha_1_0|sha_1_core:inst_sha_1_core_0|H[2][30]                  ; Stuck at GND due to stuck port data_in                                       ;
; sha_1:inst_sha_1_0|sha_1_core:inst_sha_1_core_0|H[2][31]                  ; Stuck at VCC due to stuck port data_in                                       ;
; sha_1:inst_sha_1_0|sha_1_core:inst_sha_1_core_0|H[1][0]                   ; Stuck at VCC due to stuck port data_in                                       ;
; sha_1:inst_sha_1_0|sha_1_core:inst_sha_1_core_0|H[1][1]                   ; Stuck at GND due to stuck port data_in                                       ;
; sha_1:inst_sha_1_0|sha_1_core:inst_sha_1_core_0|H[1][2]                   ; Stuck at GND due to stuck port data_in                                       ;
; sha_1:inst_sha_1_0|sha_1_core:inst_sha_1_core_0|H[1][3]                   ; Stuck at VCC due to stuck port data_in                                       ;
; sha_1:inst_sha_1_0|sha_1_core:inst_sha_1_core_0|H[1][4]                   ; Stuck at GND due to stuck port data_in                                       ;
; sha_1:inst_sha_1_0|sha_1_core:inst_sha_1_core_0|H[1][5]                   ; Stuck at GND due to stuck port data_in                                       ;
; sha_1:inst_sha_1_0|sha_1_core:inst_sha_1_core_0|H[1][6]                   ; Stuck at GND due to stuck port data_in                                       ;
; sha_1:inst_sha_1_0|sha_1_core:inst_sha_1_core_0|H[1][7]                   ; Stuck at VCC due to stuck port data_in                                       ;
; sha_1:inst_sha_1_0|sha_1_core:inst_sha_1_core_0|H[1][8]                   ; Stuck at VCC due to stuck port data_in                                       ;
; sha_1:inst_sha_1_0|sha_1_core:inst_sha_1_core_0|H[1][9]                   ; Stuck at VCC due to stuck port data_in                                       ;
; sha_1:inst_sha_1_0|sha_1_core:inst_sha_1_core_0|H[1][10]                  ; Stuck at GND due to stuck port data_in                                       ;
; sha_1:inst_sha_1_0|sha_1_core:inst_sha_1_core_0|H[1][11]                  ; Stuck at VCC due to stuck port data_in                                       ;
; sha_1:inst_sha_1_0|sha_1_core:inst_sha_1_core_0|H[1][12]                  ; Stuck at GND due to stuck port data_in                                       ;
; sha_1:inst_sha_1_0|sha_1_core:inst_sha_1_core_0|H[1][13]                  ; Stuck at VCC due to stuck port data_in                                       ;
; sha_1:inst_sha_1_0|sha_1_core:inst_sha_1_core_0|H[1][14]                  ; Stuck at GND due to stuck port data_in                                       ;
; sha_1:inst_sha_1_0|sha_1_core:inst_sha_1_core_0|H[1][15]                  ; Stuck at VCC due to stuck port data_in                                       ;
; sha_1:inst_sha_1_0|sha_1_core:inst_sha_1_core_0|H[1][16]                  ; Stuck at VCC due to stuck port data_in                                       ;
; sha_1:inst_sha_1_0|sha_1_core:inst_sha_1_core_0|H[1][17]                  ; Stuck at GND due to stuck port data_in                                       ;
; sha_1:inst_sha_1_0|sha_1_core:inst_sha_1_core_0|H[1][18]                  ; Stuck at VCC due to stuck port data_in                                       ;
; sha_1:inst_sha_1_0|sha_1_core:inst_sha_1_core_0|H[1][19]                  ; Stuck at VCC due to stuck port data_in                                       ;
; sha_1:inst_sha_1_0|sha_1_core:inst_sha_1_core_0|H[1][20]                  ; Stuck at GND due to stuck port data_in                                       ;
; sha_1:inst_sha_1_0|sha_1_core:inst_sha_1_core_0|H[1][21]                  ; Stuck at GND due to stuck port data_in                                       ;
; sha_1:inst_sha_1_0|sha_1_core:inst_sha_1_core_0|H[1][22]                  ; Stuck at VCC due to stuck port data_in                                       ;
; sha_1:inst_sha_1_0|sha_1_core:inst_sha_1_core_0|H[1][23]                  ; Stuck at VCC due to stuck port data_in                                       ;
; sha_1:inst_sha_1_0|sha_1_core:inst_sha_1_core_0|H[1][24]                  ; Stuck at VCC due to stuck port data_in                                       ;
; sha_1:inst_sha_1_0|sha_1_core:inst_sha_1_core_0|H[1][25]                  ; Stuck at VCC due to stuck port data_in                                       ;
; sha_1:inst_sha_1_0|sha_1_core:inst_sha_1_core_0|H[1][26]                  ; Stuck at VCC due to stuck port data_in                                       ;
; sha_1:inst_sha_1_0|sha_1_core:inst_sha_1_core_0|H[1][27]                  ; Stuck at VCC due to stuck port data_in                                       ;
; sha_1:inst_sha_1_0|sha_1_core:inst_sha_1_core_0|H[1][28]                  ; Stuck at GND due to stuck port data_in                                       ;
; sha_1:inst_sha_1_0|sha_1_core:inst_sha_1_core_0|H[1][29]                  ; Stuck at VCC due to stuck port data_in                                       ;
; sha_1:inst_sha_1_0|sha_1_core:inst_sha_1_core_0|H[1][30]                  ; Stuck at VCC due to stuck port data_in                                       ;
; sha_1:inst_sha_1_0|sha_1_core:inst_sha_1_core_0|H[1][31]                  ; Stuck at VCC due to stuck port data_in                                       ;
; sha_1:inst_sha_1_0|sha_1_core:inst_sha_1_core_0|H[0][0]                   ; Stuck at VCC due to stuck port data_in                                       ;
; sha_1:inst_sha_1_0|sha_1_core:inst_sha_1_core_0|H[0][1]                   ; Stuck at GND due to stuck port data_in                                       ;
; sha_1:inst_sha_1_0|sha_1_core:inst_sha_1_core_0|H[0][2]                   ; Stuck at GND due to stuck port data_in                                       ;
; sha_1:inst_sha_1_0|sha_1_core:inst_sha_1_core_0|H[0][3]                   ; Stuck at GND due to stuck port data_in                                       ;
; sha_1:inst_sha_1_0|sha_1_core:inst_sha_1_core_0|H[0][4]                   ; Stuck at GND due to stuck port data_in                                       ;
; sha_1:inst_sha_1_0|sha_1_core:inst_sha_1_core_0|H[0][5]                   ; Stuck at GND due to stuck port data_in                                       ;
; sha_1:inst_sha_1_0|sha_1_core:inst_sha_1_core_0|H[0][6]                   ; Stuck at GND due to stuck port data_in                                       ;
; sha_1:inst_sha_1_0|sha_1_core:inst_sha_1_core_0|H[0][7]                   ; Stuck at GND due to stuck port data_in                                       ;
; sha_1:inst_sha_1_0|sha_1_core:inst_sha_1_core_0|H[0][8]                   ; Stuck at VCC due to stuck port data_in                                       ;
; sha_1:inst_sha_1_0|sha_1_core:inst_sha_1_core_0|H[0][9]                   ; Stuck at VCC due to stuck port data_in                                       ;
; sha_1:inst_sha_1_0|sha_1_core:inst_sha_1_core_0|H[0][10]                  ; Stuck at GND due to stuck port data_in                                       ;
; sha_1:inst_sha_1_0|sha_1_core:inst_sha_1_core_0|H[0][11]                  ; Stuck at GND due to stuck port data_in                                       ;
; sha_1:inst_sha_1_0|sha_1_core:inst_sha_1_core_0|H[0][12]                  ; Stuck at GND due to stuck port data_in                                       ;
; sha_1:inst_sha_1_0|sha_1_core:inst_sha_1_core_0|H[0][13]                  ; Stuck at VCC due to stuck port data_in                                       ;
; sha_1:inst_sha_1_0|sha_1_core:inst_sha_1_core_0|H[0][14]                  ; Stuck at GND due to stuck port data_in                                       ;
; sha_1:inst_sha_1_0|sha_1_core:inst_sha_1_core_0|H[0][15]                  ; Stuck at GND due to stuck port data_in                                       ;
; sha_1:inst_sha_1_0|sha_1_core:inst_sha_1_core_0|H[0][16]                  ; Stuck at VCC due to stuck port data_in                                       ;
; sha_1:inst_sha_1_0|sha_1_core:inst_sha_1_core_0|H[0][17]                  ; Stuck at GND due to stuck port data_in                                       ;
; sha_1:inst_sha_1_0|sha_1_core:inst_sha_1_core_0|H[0][18]                  ; Stuck at VCC due to stuck port data_in                                       ;
; sha_1:inst_sha_1_0|sha_1_core:inst_sha_1_core_0|H[0][19]                  ; Stuck at GND due to stuck port data_in                                       ;
; sha_1:inst_sha_1_0|sha_1_core:inst_sha_1_core_0|H[0][20]                  ; Stuck at GND due to stuck port data_in                                       ;
; sha_1:inst_sha_1_0|sha_1_core:inst_sha_1_core_0|H[0][21]                  ; Stuck at GND due to stuck port data_in                                       ;
; sha_1:inst_sha_1_0|sha_1_core:inst_sha_1_core_0|H[0][22]                  ; Stuck at VCC due to stuck port data_in                                       ;
; sha_1:inst_sha_1_0|sha_1_core:inst_sha_1_core_0|H[0][23]                  ; Stuck at GND due to stuck port data_in                                       ;
; sha_1:inst_sha_1_0|sha_1_core:inst_sha_1_core_0|H[0][24]                  ; Stuck at VCC due to stuck port data_in                                       ;
; sha_1:inst_sha_1_0|sha_1_core:inst_sha_1_core_0|H[0][25]                  ; Stuck at VCC due to stuck port data_in                                       ;
; sha_1:inst_sha_1_0|sha_1_core:inst_sha_1_core_0|H[0][26]                  ; Stuck at VCC due to stuck port data_in                                       ;
; sha_1:inst_sha_1_0|sha_1_core:inst_sha_1_core_0|H[0][27]                  ; Stuck at GND due to stuck port data_in                                       ;
; sha_1:inst_sha_1_0|sha_1_core:inst_sha_1_core_0|H[0][28]                  ; Stuck at GND due to stuck port data_in                                       ;
; sha_1:inst_sha_1_0|sha_1_core:inst_sha_1_core_0|H[0][29]                  ; Stuck at VCC due to stuck port data_in                                       ;
; sha_1:inst_sha_1_0|sha_1_core:inst_sha_1_core_0|H[0][30]                  ; Stuck at VCC due to stuck port data_in                                       ;
; sha_1:inst_sha_1_0|sha_1_core:inst_sha_1_core_0|H[0][31]                  ; Stuck at GND due to stuck port data_in                                       ;
; sha_1:inst_sha_1_0|sha_1_core:inst_sha_1_core_0|K[3][0]                   ; Stuck at GND due to stuck port data_in                                       ;
; sha_1:inst_sha_1_0|sha_1_core:inst_sha_1_core_0|K[3][1]                   ; Stuck at VCC due to stuck port data_in                                       ;
; sha_1:inst_sha_1_0|sha_1_core:inst_sha_1_core_0|K[3][2]                   ; Stuck at VCC due to stuck port data_in                                       ;
; sha_1:inst_sha_1_0|sha_1_core:inst_sha_1_core_0|K[3][3]                   ; Stuck at GND due to stuck port data_in                                       ;
; sha_1:inst_sha_1_0|sha_1_core:inst_sha_1_core_0|K[3][4]                   ; Stuck at VCC due to stuck port data_in                                       ;
; sha_1:inst_sha_1_0|sha_1_core:inst_sha_1_core_0|K[3][5]                   ; Stuck at GND due to stuck port data_in                                       ;
; sha_1:inst_sha_1_0|sha_1_core:inst_sha_1_core_0|K[3][6]                   ; Stuck at VCC due to stuck port data_in                                       ;
; sha_1:inst_sha_1_0|sha_1_core:inst_sha_1_core_0|K[3][7]                   ; Stuck at VCC due to stuck port data_in                                       ;
; sha_1:inst_sha_1_0|sha_1_core:inst_sha_1_core_0|K[3][8]                   ; Stuck at VCC due to stuck port data_in                                       ;
; sha_1:inst_sha_1_0|sha_1_core:inst_sha_1_core_0|K[3][9]                   ; Stuck at GND due to stuck port data_in                                       ;
; sha_1:inst_sha_1_0|sha_1_core:inst_sha_1_core_0|K[3][10]                  ; Stuck at GND due to stuck port data_in                                       ;
; sha_1:inst_sha_1_0|sha_1_core:inst_sha_1_core_0|K[3][11]                  ; Stuck at GND due to stuck port data_in                                       ;
; sha_1:inst_sha_1_0|sha_1_core:inst_sha_1_core_0|K[3][12]                  ; Stuck at GND due to stuck port data_in                                       ;
; sha_1:inst_sha_1_0|sha_1_core:inst_sha_1_core_0|K[3][13]                  ; Stuck at GND due to stuck port data_in                                       ;
; sha_1:inst_sha_1_0|sha_1_core:inst_sha_1_core_0|K[3][14]                  ; Stuck at VCC due to stuck port data_in                                       ;
; sha_1:inst_sha_1_0|sha_1_core:inst_sha_1_core_0|K[3][15]                  ; Stuck at VCC due to stuck port data_in                                       ;
; sha_1:inst_sha_1_0|sha_1_core:inst_sha_1_core_0|K[3][16]                  ; Stuck at GND due to stuck port data_in                                       ;
; sha_1:inst_sha_1_0|sha_1_core:inst_sha_1_core_0|K[3][17]                  ; Stuck at VCC due to stuck port data_in                                       ;
; sha_1:inst_sha_1_0|sha_1_core:inst_sha_1_core_0|K[3][18]                  ; Stuck at GND due to stuck port data_in                                       ;
; sha_1:inst_sha_1_0|sha_1_core:inst_sha_1_core_0|K[3][19]                  ; Stuck at GND due to stuck port data_in                                       ;
; sha_1:inst_sha_1_0|sha_1_core:inst_sha_1_core_0|K[3][20]                  ; Stuck at GND due to stuck port data_in                                       ;
; sha_1:inst_sha_1_0|sha_1_core:inst_sha_1_core_0|K[3][21]                  ; Stuck at VCC due to stuck port data_in                                       ;
; sha_1:inst_sha_1_0|sha_1_core:inst_sha_1_core_0|K[3][22]                  ; Stuck at VCC due to stuck port data_in                                       ;
; sha_1:inst_sha_1_0|sha_1_core:inst_sha_1_core_0|K[3][23]                  ; Stuck at GND due to stuck port data_in                                       ;
; sha_1:inst_sha_1_0|sha_1_core:inst_sha_1_core_0|K[3][24]                  ; Stuck at GND due to stuck port data_in                                       ;
; sha_1:inst_sha_1_0|sha_1_core:inst_sha_1_core_0|K[3][25]                  ; Stuck at VCC due to stuck port data_in                                       ;
; sha_1:inst_sha_1_0|sha_1_core:inst_sha_1_core_0|K[3][26]                  ; Stuck at GND due to stuck port data_in                                       ;
; sha_1:inst_sha_1_0|sha_1_core:inst_sha_1_core_0|K[3][27]                  ; Stuck at VCC due to stuck port data_in                                       ;
; sha_1:inst_sha_1_0|sha_1_core:inst_sha_1_core_0|K[3][28]                  ; Stuck at GND due to stuck port data_in                                       ;
; sha_1:inst_sha_1_0|sha_1_core:inst_sha_1_core_0|K[3][29]                  ; Stuck at GND due to stuck port data_in                                       ;
; sha_1:inst_sha_1_0|sha_1_core:inst_sha_1_core_0|K[3][30]                  ; Stuck at VCC due to stuck port data_in                                       ;
; sha_1:inst_sha_1_0|sha_1_core:inst_sha_1_core_0|K[3][31]                  ; Stuck at VCC due to stuck port data_in                                       ;
; sha_1:inst_sha_1_0|sha_1_core:inst_sha_1_core_0|K[2][0]                   ; Stuck at GND due to stuck port data_in                                       ;
; sha_1:inst_sha_1_0|sha_1_core:inst_sha_1_core_0|K[2][1]                   ; Stuck at GND due to stuck port data_in                                       ;
; sha_1:inst_sha_1_0|sha_1_core:inst_sha_1_core_0|K[2][2]                   ; Stuck at VCC due to stuck port data_in                                       ;
; sha_1:inst_sha_1_0|sha_1_core:inst_sha_1_core_0|K[2][3]                   ; Stuck at VCC due to stuck port data_in                                       ;
; sha_1:inst_sha_1_0|sha_1_core:inst_sha_1_core_0|K[2][4]                   ; Stuck at VCC due to stuck port data_in                                       ;
; sha_1:inst_sha_1_0|sha_1_core:inst_sha_1_core_0|K[2][5]                   ; Stuck at GND due to stuck port data_in                                       ;
; sha_1:inst_sha_1_0|sha_1_core:inst_sha_1_core_0|K[2][6]                   ; Stuck at VCC due to stuck port data_in                                       ;
; sha_1:inst_sha_1_0|sha_1_core:inst_sha_1_core_0|K[2][7]                   ; Stuck at VCC due to stuck port data_in                                       ;
; sha_1:inst_sha_1_0|sha_1_core:inst_sha_1_core_0|K[2][8]                   ; Stuck at GND due to stuck port data_in                                       ;
; sha_1:inst_sha_1_0|sha_1_core:inst_sha_1_core_0|K[2][9]                   ; Stuck at GND due to stuck port data_in                                       ;
; sha_1:inst_sha_1_0|sha_1_core:inst_sha_1_core_0|K[2][10]                  ; Stuck at VCC due to stuck port data_in                                       ;
; sha_1:inst_sha_1_0|sha_1_core:inst_sha_1_core_0|K[2][11]                  ; Stuck at VCC due to stuck port data_in                                       ;
; sha_1:inst_sha_1_0|sha_1_core:inst_sha_1_core_0|K[2][12]                  ; Stuck at VCC due to stuck port data_in                                       ;
; sha_1:inst_sha_1_0|sha_1_core:inst_sha_1_core_0|K[2][13]                  ; Stuck at VCC due to stuck port data_in                                       ;
; sha_1:inst_sha_1_0|sha_1_core:inst_sha_1_core_0|K[2][14]                  ; Stuck at GND due to stuck port data_in                                       ;
; sha_1:inst_sha_1_0|sha_1_core:inst_sha_1_core_0|K[2][15]                  ; Stuck at VCC due to stuck port data_in                                       ;
; sha_1:inst_sha_1_0|sha_1_core:inst_sha_1_core_0|K[2][16]                  ; Stuck at VCC due to stuck port data_in                                       ;
; sha_1:inst_sha_1_0|sha_1_core:inst_sha_1_core_0|K[2][17]                  ; Stuck at VCC due to stuck port data_in                                       ;
; sha_1:inst_sha_1_0|sha_1_core:inst_sha_1_core_0|K[2][18]                  ; Stuck at GND due to stuck port data_in                                       ;
; sha_1:inst_sha_1_0|sha_1_core:inst_sha_1_core_0|K[2][19]                  ; Stuck at VCC due to stuck port data_in                                       ;
; sha_1:inst_sha_1_0|sha_1_core:inst_sha_1_core_0|K[2][20]                  ; Stuck at VCC due to stuck port data_in                                       ;
; sha_1:inst_sha_1_0|sha_1_core:inst_sha_1_core_0|K[2][21]                  ; Stuck at GND due to stuck port data_in                                       ;
; sha_1:inst_sha_1_0|sha_1_core:inst_sha_1_core_0|K[2][22]                  ; Stuck at GND due to stuck port data_in                                       ;
; sha_1:inst_sha_1_0|sha_1_core:inst_sha_1_core_0|K[2][23]                  ; Stuck at GND due to stuck port data_in                                       ;
; sha_1:inst_sha_1_0|sha_1_core:inst_sha_1_core_0|K[2][24]                  ; Stuck at VCC due to stuck port data_in                                       ;
; sha_1:inst_sha_1_0|sha_1_core:inst_sha_1_core_0|K[2][25]                  ; Stuck at VCC due to stuck port data_in                                       ;
; sha_1:inst_sha_1_0|sha_1_core:inst_sha_1_core_0|K[2][26]                  ; Stuck at VCC due to stuck port data_in                                       ;
; sha_1:inst_sha_1_0|sha_1_core:inst_sha_1_core_0|K[2][27]                  ; Stuck at VCC due to stuck port data_in                                       ;
; sha_1:inst_sha_1_0|sha_1_core:inst_sha_1_core_0|K[2][28]                  ; Stuck at GND due to stuck port data_in                                       ;
; sha_1:inst_sha_1_0|sha_1_core:inst_sha_1_core_0|K[2][29]                  ; Stuck at GND due to stuck port data_in                                       ;
; sha_1:inst_sha_1_0|sha_1_core:inst_sha_1_core_0|K[2][30]                  ; Stuck at GND due to stuck port data_in                                       ;
; sha_1:inst_sha_1_0|sha_1_core:inst_sha_1_core_0|K[2][31]                  ; Stuck at VCC due to stuck port data_in                                       ;
; sha_1:inst_sha_1_0|sha_1_core:inst_sha_1_core_0|K[1][0]                   ; Stuck at VCC due to stuck port data_in                                       ;
; sha_1:inst_sha_1_0|sha_1_core:inst_sha_1_core_0|K[1][1]                   ; Stuck at GND due to stuck port data_in                                       ;
; sha_1:inst_sha_1_0|sha_1_core:inst_sha_1_core_0|K[1][2]                   ; Stuck at GND due to stuck port data_in                                       ;
; sha_1:inst_sha_1_0|sha_1_core:inst_sha_1_core_0|K[1][3]                   ; Stuck at GND due to stuck port data_in                                       ;
; sha_1:inst_sha_1_0|sha_1_core:inst_sha_1_core_0|K[1][4]                   ; Stuck at GND due to stuck port data_in                                       ;
; sha_1:inst_sha_1_0|sha_1_core:inst_sha_1_core_0|K[1][5]                   ; Stuck at VCC due to stuck port data_in                                       ;
; sha_1:inst_sha_1_0|sha_1_core:inst_sha_1_core_0|K[1][6]                   ; Stuck at GND due to stuck port data_in                                       ;
; sha_1:inst_sha_1_0|sha_1_core:inst_sha_1_core_0|K[1][7]                   ; Stuck at VCC due to stuck port data_in                                       ;
; sha_1:inst_sha_1_0|sha_1_core:inst_sha_1_core_0|K[1][8]                   ; Stuck at VCC due to stuck port data_in                                       ;
; sha_1:inst_sha_1_0|sha_1_core:inst_sha_1_core_0|K[1][9]                   ; Stuck at VCC due to stuck port data_in                                       ;
; sha_1:inst_sha_1_0|sha_1_core:inst_sha_1_core_0|K[1][10]                  ; Stuck at GND due to stuck port data_in                                       ;
; sha_1:inst_sha_1_0|sha_1_core:inst_sha_1_core_0|K[1][11]                  ; Stuck at VCC due to stuck port data_in                                       ;
; sha_1:inst_sha_1_0|sha_1_core:inst_sha_1_core_0|K[1][12]                  ; Stuck at GND due to stuck port data_in                                       ;
; sha_1:inst_sha_1_0|sha_1_core:inst_sha_1_core_0|K[1][13]                  ; Stuck at VCC due to stuck port data_in                                       ;
; sha_1:inst_sha_1_0|sha_1_core:inst_sha_1_core_0|K[1][14]                  ; Stuck at VCC due to stuck port data_in                                       ;
; sha_1:inst_sha_1_0|sha_1_core:inst_sha_1_core_0|K[1][15]                  ; Stuck at VCC due to stuck port data_in                                       ;
; sha_1:inst_sha_1_0|sha_1_core:inst_sha_1_core_0|K[1][16]                  ; Stuck at VCC due to stuck port data_in                                       ;
; sha_1:inst_sha_1_0|sha_1_core:inst_sha_1_core_0|K[1][17]                  ; Stuck at GND due to stuck port data_in                                       ;
; sha_1:inst_sha_1_0|sha_1_core:inst_sha_1_core_0|K[1][18]                  ; Stuck at GND due to stuck port data_in                                       ;
; sha_1:inst_sha_1_0|sha_1_core:inst_sha_1_core_0|K[1][19]                  ; Stuck at VCC due to stuck port data_in                                       ;
; sha_1:inst_sha_1_0|sha_1_core:inst_sha_1_core_0|K[1][20]                  ; Stuck at VCC due to stuck port data_in                                       ;
; sha_1:inst_sha_1_0|sha_1_core:inst_sha_1_core_0|K[1][21]                  ; Stuck at GND due to stuck port data_in                                       ;
; sha_1:inst_sha_1_0|sha_1_core:inst_sha_1_core_0|K[1][22]                  ; Stuck at VCC due to stuck port data_in                                       ;
; sha_1:inst_sha_1_0|sha_1_core:inst_sha_1_core_0|K[1][23]                  ; Stuck at VCC due to stuck port data_in                                       ;
; sha_1:inst_sha_1_0|sha_1_core:inst_sha_1_core_0|K[1][24]                  ; Stuck at GND due to stuck port data_in                                       ;
; sha_1:inst_sha_1_0|sha_1_core:inst_sha_1_core_0|K[1][25]                  ; Stuck at VCC due to stuck port data_in                                       ;
; sha_1:inst_sha_1_0|sha_1_core:inst_sha_1_core_0|K[1][26]                  ; Stuck at VCC due to stuck port data_in                                       ;
; sha_1:inst_sha_1_0|sha_1_core:inst_sha_1_core_0|K[1][27]                  ; Stuck at VCC due to stuck port data_in                                       ;
; sha_1:inst_sha_1_0|sha_1_core:inst_sha_1_core_0|K[1][28]                  ; Stuck at GND due to stuck port data_in                                       ;
; sha_1:inst_sha_1_0|sha_1_core:inst_sha_1_core_0|K[1][29]                  ; Stuck at VCC due to stuck port data_in                                       ;
; sha_1:inst_sha_1_0|sha_1_core:inst_sha_1_core_0|K[1][30]                  ; Stuck at VCC due to stuck port data_in                                       ;
; sha_1:inst_sha_1_0|sha_1_core:inst_sha_1_core_0|K[1][31]                  ; Stuck at GND due to stuck port data_in                                       ;
; sha_1:inst_sha_1_0|sha_1_core:inst_sha_1_core_0|K[0][0]                   ; Stuck at VCC due to stuck port data_in                                       ;
; sha_1:inst_sha_1_0|sha_1_core:inst_sha_1_core_0|K[0][1]                   ; Stuck at GND due to stuck port data_in                                       ;
; sha_1:inst_sha_1_0|sha_1_core:inst_sha_1_core_0|K[0][2]                   ; Stuck at GND due to stuck port data_in                                       ;
; sha_1:inst_sha_1_0|sha_1_core:inst_sha_1_core_0|K[0][3]                   ; Stuck at VCC due to stuck port data_in                                       ;
; sha_1:inst_sha_1_0|sha_1_core:inst_sha_1_core_0|K[0][4]                   ; Stuck at VCC due to stuck port data_in                                       ;
; sha_1:inst_sha_1_0|sha_1_core:inst_sha_1_core_0|K[0][5]                   ; Stuck at GND due to stuck port data_in                                       ;
; sha_1:inst_sha_1_0|sha_1_core:inst_sha_1_core_0|K[0][6]                   ; Stuck at GND due to stuck port data_in                                       ;
; sha_1:inst_sha_1_0|sha_1_core:inst_sha_1_core_0|K[0][7]                   ; Stuck at VCC due to stuck port data_in                                       ;
; sha_1:inst_sha_1_0|sha_1_core:inst_sha_1_core_0|K[0][8]                   ; Stuck at VCC due to stuck port data_in                                       ;
; sha_1:inst_sha_1_0|sha_1_core:inst_sha_1_core_0|K[0][9]                   ; Stuck at GND due to stuck port data_in                                       ;
; sha_1:inst_sha_1_0|sha_1_core:inst_sha_1_core_0|K[0][10]                  ; Stuck at GND due to stuck port data_in                                       ;
; sha_1:inst_sha_1_0|sha_1_core:inst_sha_1_core_0|K[0][11]                  ; Stuck at VCC due to stuck port data_in                                       ;
; sha_1:inst_sha_1_0|sha_1_core:inst_sha_1_core_0|K[0][12]                  ; Stuck at VCC due to stuck port data_in                                       ;
; sha_1:inst_sha_1_0|sha_1_core:inst_sha_1_core_0|K[0][13]                  ; Stuck at VCC due to stuck port data_in                                       ;
; sha_1:inst_sha_1_0|sha_1_core:inst_sha_1_core_0|K[0][14]                  ; Stuck at VCC due to stuck port data_in                                       ;
; sha_1:inst_sha_1_0|sha_1_core:inst_sha_1_core_0|K[0][15]                  ; Stuck at GND due to stuck port data_in                                       ;
; sha_1:inst_sha_1_0|sha_1_core:inst_sha_1_core_0|K[0][16]                  ; Stuck at GND due to stuck port data_in                                       ;
; sha_1:inst_sha_1_0|sha_1_core:inst_sha_1_core_0|K[0][17]                  ; Stuck at VCC due to stuck port data_in                                       ;
; sha_1:inst_sha_1_0|sha_1_core:inst_sha_1_core_0|K[0][18]                  ; Stuck at GND due to stuck port data_in                                       ;
; sha_1:inst_sha_1_0|sha_1_core:inst_sha_1_core_0|K[0][19]                  ; Stuck at GND due to stuck port data_in                                       ;
; sha_1:inst_sha_1_0|sha_1_core:inst_sha_1_core_0|K[0][20]                  ; Stuck at GND due to stuck port data_in                                       ;
; sha_1:inst_sha_1_0|sha_1_core:inst_sha_1_core_0|K[0][21]                  ; Stuck at GND due to stuck port data_in                                       ;
; sha_1:inst_sha_1_0|sha_1_core:inst_sha_1_core_0|K[0][22]                  ; Stuck at GND due to stuck port data_in                                       ;
; sha_1:inst_sha_1_0|sha_1_core:inst_sha_1_core_0|K[0][23]                  ; Stuck at VCC due to stuck port data_in                                       ;
; sha_1:inst_sha_1_0|sha_1_core:inst_sha_1_core_0|K[0][24]                  ; Stuck at GND due to stuck port data_in                                       ;
; sha_1:inst_sha_1_0|sha_1_core:inst_sha_1_core_0|K[0][25]                  ; Stuck at VCC due to stuck port data_in                                       ;
; sha_1:inst_sha_1_0|sha_1_core:inst_sha_1_core_0|K[0][26]                  ; Stuck at GND due to stuck port data_in                                       ;
; sha_1:inst_sha_1_0|sha_1_core:inst_sha_1_core_0|K[0][27]                  ; Stuck at VCC due to stuck port data_in                                       ;
; sha_1:inst_sha_1_0|sha_1_core:inst_sha_1_core_0|K[0][28]                  ; Stuck at VCC due to stuck port data_in                                       ;
; sha_1:inst_sha_1_0|sha_1_core:inst_sha_1_core_0|K[0][29]                  ; Stuck at GND due to stuck port data_in                                       ;
; sha_1:inst_sha_1_0|sha_1_core:inst_sha_1_core_0|K[0][30]                  ; Stuck at VCC due to stuck port data_in                                       ;
; sha_1:inst_sha_1_0|sha_1_core:inst_sha_1_core_0|K[0][31]                  ; Stuck at GND due to stuck port data_in                                       ;
; sha_1:inst_sha_1_0|sha_1_core:inst_sha_1_core_0|myHash.Block[2..9,11..31] ; Merged with sha_1:inst_sha_1_0|sha_1_core:inst_sha_1_core_0|myHash.Block[10] ;
; Total Number of Removed Registers = 317                                   ;                                                                              ;
+---------------------------------------------------------------------------+------------------------------------------------------------------------------+


+------------------------------------------------------+
; General Register Statistics                          ;
+----------------------------------------------+-------+
; Statistic                                    ; Value ;
+----------------------------------------------+-------+
; Total registers                              ; 4845  ;
; Number of registers using Synchronous Clear  ; 843   ;
; Number of registers using Synchronous Load   ; 81    ;
; Number of registers using Asynchronous Clear ; 0     ;
; Number of registers using Asynchronous Load  ; 0     ;
; Number of registers using Clock Enable       ; 3812  ;
; Number of registers using Preset             ; 0     ;
+----------------------------------------------+-------+


+-----------------------------------------------------------------------------------------------------------------------------------------------------------------------------------------------------+
; Multiplexer Restructuring Statistics (Restructuring Performed)                                                                                                                                      ;
+--------------------+-----------+---------------+----------------------+------------------------+------------+---------------------------------------------------------------------------------------+
; Multiplexer Inputs ; Bus Width ; Baseline Area ; Area if Restructured ; Saving if Restructured ; Registered ; Example Multiplexer Output                                                            ;
+--------------------+-----------+---------------+----------------------+------------------------+------------+---------------------------------------------------------------------------------------+
; 3:1                ; 160 bits  ; 320 LEs       ; 0 LEs                ; 320 LEs                ; Yes        ; |top_level_wrapper|register[20][12]                                                   ;
; 3:1                ; 32 bits   ; 64 LEs        ; 0 LEs                ; 64 LEs                 ; Yes        ; |top_level_wrapper|start_pulse_count[18]                                              ;
; 3:1                ; 32 bits   ; 64 LEs        ; 0 LEs                ; 64 LEs                 ; Yes        ; |top_level_wrapper|register[16][17]                                                   ;
; 3:1                ; 32 bits   ; 64 LEs        ; 0 LEs                ; 64 LEs                 ; Yes        ; |top_level_wrapper|register[15][18]                                                   ;
; 3:1                ; 32 bits   ; 64 LEs        ; 0 LEs                ; 64 LEs                 ; Yes        ; |top_level_wrapper|register[14][17]                                                   ;
; 3:1                ; 32 bits   ; 64 LEs        ; 0 LEs                ; 64 LEs                 ; Yes        ; |top_level_wrapper|register[13][0]                                                    ;
; 3:1                ; 32 bits   ; 64 LEs        ; 0 LEs                ; 64 LEs                 ; Yes        ; |top_level_wrapper|register[12][10]                                                   ;
; 3:1                ; 32 bits   ; 64 LEs        ; 0 LEs                ; 64 LEs                 ; Yes        ; |top_level_wrapper|register[11][22]                                                   ;
; 3:1                ; 32 bits   ; 64 LEs        ; 0 LEs                ; 64 LEs                 ; Yes        ; |top_level_wrapper|register[10][8]                                                    ;
; 3:1                ; 32 bits   ; 64 LEs        ; 0 LEs                ; 64 LEs                 ; Yes        ; |top_level_wrapper|register[9][27]                                                    ;
; 3:1                ; 32 bits   ; 64 LEs        ; 0 LEs                ; 64 LEs                 ; Yes        ; |top_level_wrapper|register[8][18]                                                    ;
; 3:1                ; 32 bits   ; 64 LEs        ; 0 LEs                ; 64 LEs                 ; Yes        ; |top_level_wrapper|register[7][27]                                                    ;
; 3:1                ; 32 bits   ; 64 LEs        ; 0 LEs                ; 64 LEs                 ; Yes        ; |top_level_wrapper|register[6][26]                                                    ;
; 3:1                ; 32 bits   ; 64 LEs        ; 0 LEs                ; 64 LEs                 ; Yes        ; |top_level_wrapper|register[5][14]                                                    ;
; 3:1                ; 32 bits   ; 64 LEs        ; 0 LEs                ; 64 LEs                 ; Yes        ; |top_level_wrapper|register[4][5]                                                     ;
; 3:1                ; 32 bits   ; 64 LEs        ; 0 LEs                ; 64 LEs                 ; Yes        ; |top_level_wrapper|register[3][24]                                                    ;
; 3:1                ; 32 bits   ; 64 LEs        ; 0 LEs                ; 64 LEs                 ; Yes        ; |top_level_wrapper|register[2][13]                                                    ;
; 3:1                ; 32 bits   ; 64 LEs        ; 0 LEs                ; 64 LEs                 ; Yes        ; |top_level_wrapper|register[1][19]                                                    ;
; 3:1                ; 30 bits   ; 60 LEs        ; 0 LEs                ; 60 LEs                 ; Yes        ; |top_level_wrapper|register[0][7]                                                     ;
; 3:1                ; 9 bits    ; 18 LEs        ; 9 LEs                ; 9 LEs                  ; Yes        ; |top_level_wrapper|sha_1:inst_sha_1_0|sha_1_core:inst_sha_1_core_0|myHash.Block[0]    ;
; 4:1                ; 2 bits    ; 4 LEs         ; 4 LEs                ; 0 LEs                  ; Yes        ; |top_level_wrapper|register[0][0]                                                     ;
; 4:1                ; 32 bits   ; 64 LEs        ; 0 LEs                ; 64 LEs                 ; Yes        ; |top_level_wrapper|sha_1:inst_sha_1_0|sha_1_core:inst_sha_1_core_0|iteration[25]      ;
; 4:1                ; 154 bits  ; 308 LEs       ; 308 LEs              ; 0 LEs                  ; Yes        ; |top_level_wrapper|sha_1:inst_sha_1_0|sha_1_core:inst_sha_1_core_0|myHash.Hash[4][31] ;
; 5:1                ; 32 bits   ; 96 LEs        ; 64 LEs               ; 32 LEs                 ; No         ; |top_level_wrapper|sha_1:inst_sha_1_0|sha_1_core:inst_sha_1_core_0|Selector12         ;
; 33:1               ; 32 bits   ; 704 LEs       ; 480 LEs              ; 224 LEs                ; No         ; |top_level_wrapper|readdata                                                           ;
; 256:1              ; 32 bits   ; 5440 LEs      ; 1760 LEs             ; 3680 LEs               ; No         ; |top_level_wrapper|sha_1:inst_sha_1_0|sha_1_core:inst_sha_1_core_0|Mux13              ;
+--------------------+-----------+---------------+----------------------+------------------------+------------+---------------------------------------------------------------------------------------+


+------------------------------------------------------------------------------------------------------------------+
; Parameter Settings for Inferred Entity Instance: sha_1:inst_sha_1_0|sha_1_core:inst_sha_1_core_0|lpm_divide:Mod0 ;
+------------------------+----------------+------------------------------------------------------------------------+
; Parameter Name         ; Value          ; Type                                                                   ;
+------------------------+----------------+------------------------------------------------------------------------+
; LPM_WIDTHN             ; 32             ; Untyped                                                                ;
; LPM_WIDTHD             ; 6              ; Untyped                                                                ;
; LPM_NREPRESENTATION    ; SIGNED         ; Untyped                                                                ;
; LPM_DREPRESENTATION    ; SIGNED         ; Untyped                                                                ;
; LPM_PIPELINE           ; 0              ; Untyped                                                                ;
; LPM_REMAINDERPOSITIVE  ; FALSE          ; Untyped                                                                ;
; MAXIMIZE_SPEED         ; 5              ; Untyped                                                                ;
; CBXI_PARAMETER         ; lpm_divide_fho ; Untyped                                                                ;
; CARRY_CHAIN            ; MANUAL         ; Untyped                                                                ;
; OPTIMIZE_FOR_SPEED     ; 5              ; Untyped                                                                ;
; AUTO_CARRY_CHAINS      ; ON             ; AUTO_CARRY                                                             ;
; IGNORE_CARRY_BUFFERS   ; OFF            ; IGNORE_CARRY                                                           ;
; AUTO_CASCADE_CHAINS    ; ON             ; AUTO_CASCADE                                                           ;
; IGNORE_CASCADE_BUFFERS ; OFF            ; IGNORE_CASCADE                                                         ;
+------------------------+----------------+------------------------------------------------------------------------+
Note: In order to hide this table in the UI and the text report file, please set the "Show Parameter Settings in Synthesis Report" option in "Analysis and Synthesis Settings -> More Settings" to "Off".


+-----------------------------------------------------+
; Post-Synthesis Netlist Statistics for Top Partition ;
+-----------------------+-----------------------------+
; Type                  ; Count                       ;
+-----------------------+-----------------------------+
; arriav_ff             ; 4845                        ;
;     ENA               ; 2892                        ;
;     ENA SCLR          ; 840                         ;
;     ENA SLD           ; 80                          ;
;     SCLR              ; 2                           ;
;     SCLR SLD          ; 1                           ;
;     plain             ; 1030                        ;
; arriav_lcell_comb     ; 9250                        ;
;     arith             ; 658                         ;
;         0 data inputs ; 55                          ;
;         1 data inputs ; 277                         ;
;         2 data inputs ; 129                         ;
;         3 data inputs ; 84                          ;
;         4 data inputs ; 113                         ;
;     extend            ; 30                          ;
;         7 data inputs ; 30                          ;
;     normal            ; 8524                        ;
;         0 data inputs ; 1                           ;
;         2 data inputs ; 968                         ;
;         3 data inputs ; 1143                        ;
;         4 data inputs ; 2016                        ;
;         5 data inputs ; 2439                        ;
;         6 data inputs ; 1957                        ;
;     shared            ; 38                          ;
;         0 data inputs ; 1                           ;
;         1 data inputs ; 5                           ;
;         2 data inputs ; 1                           ;
;         3 data inputs ; 28                          ;
;         4 data inputs ; 3                           ;
; boundary_port         ; 75                          ;
;                       ;                             ;
; Max LUT depth         ; 64.80                       ;
; Average LUT depth     ; 10.54                       ;
+-----------------------+-----------------------------+


+-------------------------------+
; Elapsed Time Per Partition    ;
+----------------+--------------+
; Partition Name ; Elapsed Time ;
+----------------+--------------+
; Top            ; 00:00:46     ;
+----------------+--------------+


+-------------------------------+
; Analysis & Synthesis Messages ;
+-------------------------------+
Info: *******************************************************************
Info: Running Quartus Prime Analysis & Synthesis
    Info: Version 18.1.0 Build 625 09/12/2018 SJ Lite Edition
    Info: Processing started: Sat Jul 20 13:44:11 2019
Info: Command: quartus_map --read_settings_files=on --write_settings_files=off function -c function
Warning (18236): Number of processors has not been specified which may cause overloading on shared machines.  Set the global assignment NUM_PARALLEL_PROCESSORS in your QSF to an appropriate value for best performance.
Info (20030): Parallel compilation is enabled and will use 4 of the 4 processors detected
Info (12021): Found 1 design units, including 1 entities, in source file sha_1_core_tb.sv
    Info (12023): Found entity 1: sha_1_core_tb File: D:/Repositories/SHA-1/SystemVerilog/sha_1_core_tb.sv Line: 13
Warning (10274): Verilog HDL macro warning at top_level_wrapper_tb.sv(8): overriding existing definition for macro "RESET_PERIOD", which was defined in "sha_1_core_tb.sv", line 7 File: D:/Repositories/SHA-1/SystemVerilog/top_level_wrapper_tb.sv Line: 8
Warning (10274): Verilog HDL macro warning at top_level_wrapper_tb.sv(10): overriding existing definition for macro "START_PULSE_START_TIME", which was defined in "sha_1_core_tb.sv", line 9 File: D:/Repositories/SHA-1/SystemVerilog/top_level_wrapper_tb.sv Line: 10
Warning (10274): Verilog HDL macro warning at top_level_wrapper_tb.sv(12): overriding existing definition for macro "SIM_DURATION", which was defined in "sha_1_core_tb.sv", line 11 File: D:/Repositories/SHA-1/SystemVerilog/top_level_wrapper_tb.sv Line: 12
Info (12021): Found 1 design units, including 1 entities, in source file top_level_wrapper_tb.sv
    Info (12023): Found entity 1: top_level_wrapper_tb File: D:/Repositories/SHA-1/SystemVerilog/top_level_wrapper_tb.sv Line: 14
Info (12021): Found 1 design units, including 1 entities, in source file top_level_wrapper.sv
    Info (12023): Found entity 1: top_level_wrapper File: D:/Repositories/SHA-1/SystemVerilog/top_level_wrapper.sv Line: 2
Warning (10274): Verilog HDL macro warning at sha_1_tb.sv(12): overriding existing definition for macro "SIM_DURATION", which was defined in "sha_1_core_tb.sv", line 11 File: D:/Repositories/SHA-1/SystemVerilog/sha_1_tb.sv Line: 12
Info (12021): Found 1 design units, including 1 entities, in source file sha_1_tb.sv
    Info (12023): Found entity 1: sha_1_tb File: D:/Repositories/SHA-1/SystemVerilog/sha_1_tb.sv Line: 14
Info (12021): Found 2 design units, including 1 entities, in source file sha_1.sv
    Info (12022): Found design unit 1: state_machine_definitions (SystemVerilog) File: D:/Repositories/SHA-1/SystemVerilog/sha_1.sv Line: 4
    Info (12023): Found entity 1: sha_1 File: D:/Repositories/SHA-1/SystemVerilog/sha_1.sv Line: 10
Info (12021): Found 1 design units, including 1 entities, in source file sha_1_core.sv
    Info (12023): Found entity 1: sha_1_core File: D:/Repositories/SHA-1/SystemVerilog/sha_1_core.sv Line: 1
Info (12127): Elaborating entity "top_level_wrapper" for the top level hierarchy
Info (12128): Elaborating entity "sha_1" for hierarchy "sha_1:inst_sha_1_0" File: D:/Repositories/SHA-1/SystemVerilog/top_level_wrapper.sv Line: 25
Warning (10036): Verilog HDL or VHDL warning at sha_1.sv(49): object "ctrl" assigned a value but never read File: D:/Repositories/SHA-1/SystemVerilog/sha_1.sv Line: 49
Info (12128): Elaborating entity "sha_1_core" for hierarchy "sha_1:inst_sha_1_0|sha_1_core:inst_sha_1_core_0" File: D:/Repositories/SHA-1/SystemVerilog/sha_1.sv Line: 64
Warning (10858): Verilog HDL warning at sha_1_core.sv(212): object myHash used but never assigned File: D:/Repositories/SHA-1/SystemVerilog/sha_1_core.sv Line: 212
Warning (10762): Verilog HDL Case Statement warning at sha_1_core.sv(178): can't check case statement for completeness because the case expression has too many possible states File: D:/Repositories/SHA-1/SystemVerilog/sha_1_core.sv Line: 178
Warning (10242): Verilog HDL Function Declaration warning at sha_1_core.sv(199): variable "temp_hash" may have a Don't Care value because it may not be assigned a value in every possible path through the statements preceding its use File: D:/Repositories/SHA-1/SystemVerilog/sha_1_core.sv Line: 199
Warning (10030): Net "SHA_Kernel.temp_hash" at sha_1_core.sv(170) has no driver or initial value, using a default initial value '0' File: D:/Repositories/SHA-1/SystemVerilog/sha_1_core.sv Line: 170
Info (278001): Inferred 1 megafunctions from design logic
    Info (278004): Inferred divider/modulo megafunction ("lpm_divide") from the following logic: "sha_1:inst_sha_1_0|sha_1_core:inst_sha_1_core_0|Mod0" File: D:/Repositories/SHA-1/SystemVerilog/sha_1_core.sv Line: 142
Info (12130): Elaborated megafunction instantiation "sha_1:inst_sha_1_0|sha_1_core:inst_sha_1_core_0|lpm_divide:Mod0" File: D:/Repositories/SHA-1/SystemVerilog/sha_1_core.sv Line: 142
Info (12133): Instantiated megafunction "sha_1:inst_sha_1_0|sha_1_core:inst_sha_1_core_0|lpm_divide:Mod0" with the following parameter: File: D:/Repositories/SHA-1/SystemVerilog/sha_1_core.sv Line: 142
    Info (12134): Parameter "LPM_WIDTHN" = "32"
    Info (12134): Parameter "LPM_WIDTHD" = "6"
    Info (12134): Parameter "LPM_NREPRESENTATION" = "SIGNED"
    Info (12134): Parameter "LPM_DREPRESENTATION" = "SIGNED"
    Info (12134): Parameter "LPM_HINT" = "LPM_REMAINDERPOSITIVE=FALSE"
Info (12021): Found 1 design units, including 1 entities, in source file db/lpm_divide_fho.tdf
    Info (12023): Found entity 1: lpm_divide_fho File: D:/Repositories/SHA-1/SystemVerilog/db/lpm_divide_fho.tdf Line: 24
Info (12021): Found 1 design units, including 1 entities, in source file db/abs_divider_lbg.tdf
    Info (12023): Found entity 1: abs_divider_lbg File: D:/Repositories/SHA-1/SystemVerilog/db/abs_divider_lbg.tdf Line: 28
Info (12021): Found 1 design units, including 1 entities, in source file db/alt_u_div_qve.tdf
    Info (12023): Found entity 1: alt_u_div_qve File: D:/Repositories/SHA-1/SystemVerilog/db/alt_u_div_qve.tdf Line: 22
Info (12021): Found 1 design units, including 1 entities, in source file db/lpm_abs_ln9.tdf
    Info (12023): Found entity 1: lpm_abs_ln9 File: D:/Repositories/SHA-1/SystemVerilog/db/lpm_abs_ln9.tdf Line: 22
Info (12021): Found 1 design units, including 1 entities, in source file db/lpm_abs_4p9.tdf
    Info (12023): Found entity 1: lpm_abs_4p9 File: D:/Repositories/SHA-1/SystemVerilog/db/lpm_abs_4p9.tdf Line: 22
Info (286030): Timing-Driven Synthesis is running
Info (144001): Generated suppressed messages file D:/Repositories/SHA-1/SystemVerilog/output_files/function.map.smsg
Info (16010): Generating hard_block partition "hard_block:auto_generated_inst"
    Info (16011): Adding 0 node(s), including 0 DDIO, 0 PLL, 0 transceiver and 0 LCELL
Info (21057): Implemented 11225 device resources after synthesis - the final resource count might be different
    Info (21058): Implemented 41 input pins
    Info (21059): Implemented 32 output pins
    Info (21061): Implemented 11152 logic cells
Info: Quartus Prime Analysis & Synthesis was successful. 0 errors, 10 warnings
    Info: Peak virtual memory: 4925 megabytes
    Info: Processing ended: Sat Jul 20 13:45:16 2019
    Info: Elapsed time: 00:01:05
    Info: Total CPU time (on all processors): 00:01:25


+------------------------------------------+
; Analysis & Synthesis Suppressed Messages ;
+------------------------------------------+
The suppressed messages can be found in D:/Repositories/SHA-1/SystemVerilog/output_files/function.map.smsg.


